QA output created by qcow2-keep-dirty
Formatting 'TEST_DIR/t.IMGFMT', fmt=IMGFMT size=10485760
Check that keep-dirty not allowed without lazy refcounts
qemu-io: can't open: keep-dirty requires lazy refcounts
Formatting 'TEST_DIR/t.IMGFMT', fmt=IMGFMT size=10485760

Check that keep-dirty not allowed without dirty bit
qemu-io: can't open: keep-dirty behaviour is requested but image is not dirty

Check that usual access clears dirty bit
Set dirty bit
    "dirty-flag": true
    "dirty-flag": false

Check keep-dirty
Set dirty bit
    "dirty-flag": true
    "dirty-flag": true

Check that usual qemu-img check clears dirty bit
Set dirty bit
    "dirty-flag": true
No errors were found on the image.
Image end offset: 262144
    "dirty-flag": false

Test qemu-img check with keep-dirty
Set dirty bit
    "dirty-flag": true
incompatible_features     [0, 1]
No errors were found on the image.
Image end offset: 262144
incompatible_features     [0]
*** done
